julia version 1.10.5
[ Info: Threads Used: 64
[ Info: Loading Canonical gpkg
[ Info: Loading ReefModDomain
┌ Warning: Initial cover exceeds habitable area, there is most likely an issue with the data package. Constraining to 1.0
└ @ ADRIA ~/repos/ADRIA.jl/src/ExtInterface/ReefMod/ReefModDomain.jl:249
[ Info: Attaching historic DHW
[ Info: Loading default parameters
[ Info: Forcing Results Rerun
[ Info: Using 63 threads.
[ Info: MultithreadEvaluator: 63 workers ready, starting
┌ Warning: Exception at MultithreadEvaluator worker #1
│   exception =
│    MethodError: no method matching length(::typeof(series))
│    
│    Closest candidates are:
│      length(!Matched::LLVM.MemoryBuffer)
│       @ LLVM ~/.julia/packages/LLVM/apc9G/src/buffer.jl:55
│      length(!Matched::LibGit2.GitStatus)
│       @ LibGit2 ~/.julia/juliaup/julia-1.10.5+0.x64.linux.gnu/share/julia/stdlib/v1.10/LibGit2/src/status.jl:21
│      length(!Matched::HTTP.Forms.Form)
│       @ HTTP ~/.julia/packages/HTTP/sJD5V/src/multipart.jl:20
│      ...
│    
└ @ BlackBoxOptim ~/.julia/packages/BlackBoxOptim/lZtsr/src/multithread_evaluator.jl:278
┌ Warning: Exception at MultithreadEvaluator worker #48
│   exception =
│    MethodError: no method matching length(::typeof(series))
│    
│    Closest candidates are:
│      length(!Matched::LLVM.MemoryBuffer)
│       @ LLVM ~/.julia/packages/LLVM/apc9G/src/buffer.jl:55
│      length(!Matched::LibGit2.GitStatus)
│       @ LibGit2 ~/.julia/juliaup/julia-1.10.5+0.x64.linux.gnu/share/julia/stdlib/v1.10/LibGit2/src/status.jl:21
│      length(!Matched::HTTP.Forms.Form)
│       @ HTTP ~/.julia/packages/HTTP/sJD5V/src/multipart.jl:20
│      ...
│    
└ @ BlackBoxOptim ~/.julia/packages/BlackBoxOptim/lZtsr/src/multithread_evaluator.jl:278
┌ Warning: MultithreadEvaluator: some workers have stopped, shutting down
└ @ BlackBoxOptim ~/.julia/packages/BlackBoxOptim/lZtsr/src/multithread_evaluator.jl:431
[ Info: shutdown!(MultithreadEvaluator): all 63 workers stopped
[ Info: shutdown!(MultithreadEvaluator): num_evals=63, num_jobs=36
[ Info: shutdown!(MultithreadEvaluator): function evals per worker: 18, 0, 1, 1, 1, 0, 0, 0, 0, 0, 0, 0, 0, 14, 0, 0, 0, 0, 1, 1, 0, 0, 0, 0, 0, 0, 0, 0, 0, 0, 0, 0, 0, 0, 0, 1, 3, 0, 0, 0, 1, 0, 0, 0, 0, 0, 0, 19, 1, 1, 0, 0, 0, 0, 0, 0, 0, 0, 0, 0, 0, 0, 0
ERROR: LoadError: Cannot shutdown!(MultithreadEvaluator) twice
Stacktrace:
  [1] error(s::String)
    @ Base ./error.jl:35
  [2] shutdown!(eval::BlackBoxOptim.MultithreadEvaluator{Float64, Float64, ScalarFitnessScheme{true}, FunctionBasedProblem{typeof(obj_func), ScalarFitnessScheme{true}, ContinuousRectSearchSpace, Nothing}, TopListArchive{Float64, ScalarFitnessScheme{true}}})
    @ BlackBoxOptim ~/.julia/packages/BlackBoxOptim/lZtsr/src/multithread_evaluator.jl:345
  [3] shutdown_optimizer!
    @ ~/.julia/packages/BlackBoxOptim/lZtsr/src/opt_controller.jl:298 [inlined]
  [4] run!(ctrl::BlackBoxOptim.OptRunController{DiffEvoOpt{FitPopulation{Float64}, RadiusLimitedSelector, BlackBoxOptim.AdaptiveDiffEvoRandBin{3}, RandomBound{ContinuousRectSearchSpace}}, BlackBoxOptim.MultithreadEvaluator{Float64, Float64, ScalarFitnessScheme{true}, FunctionBasedProblem{typeof(obj_func), ScalarFitnessScheme{true}, ContinuousRectSearchSpace, Nothing}, TopListArchive{Float64, ScalarFitnessScheme{true}}}})
    @ BlackBoxOptim ~/.julia/packages/BlackBoxOptim/lZtsr/src/opt_controller.jl:346
  [5] run!(oc::BlackBoxOptim.OptController{DiffEvoOpt{FitPopulation{Float64}, RadiusLimitedSelector, BlackBoxOptim.AdaptiveDiffEvoRandBin{3}, RandomBound{ContinuousRectSearchSpace}}, FunctionBasedProblem{typeof(obj_func), ScalarFitnessScheme{true}, ContinuousRectSearchSpace, Nothing}})
    @ BlackBoxOptim ~/.julia/packages/BlackBoxOptim/lZtsr/src/opt_controller.jl:470
  [6] bboptimize(optctrl::BlackBoxOptim.OptController{DiffEvoOpt{FitPopulation{Float64}, RadiusLimitedSelector, BlackBoxOptim.AdaptiveDiffEvoRandBin{3}, RandomBound{ContinuousRectSearchSpace}}, FunctionBasedProblem{typeof(obj_func), ScalarFitnessScheme{true}, ContinuousRectSearchSpace, Nothing}}, x0::Vector{Float64}; kwargs::@Kwargs{})
    @ BlackBoxOptim ~/.julia/packages/BlackBoxOptim/lZtsr/src/bboptimize.jl:83
  [7] bboptimize(optctrl::BlackBoxOptim.OptController{DiffEvoOpt{FitPopulation{Float64}, RadiusLimitedSelector, BlackBoxOptim.AdaptiveDiffEvoRandBin{3}, RandomBound{ContinuousRectSearchSpace}}, FunctionBasedProblem{typeof(obj_func), ScalarFitnessScheme{true}, ContinuousRectSearchSpace, Nothing}}, x0::Vector{Float64})
    @ BlackBoxOptim ~/.julia/packages/BlackBoxOptim/lZtsr/src/bboptimize.jl:64
  [8] bboptimize(functionOrProblem::Function, x0::Vector{Float64}, parameters::Dict{Symbol, Any}; kwargs::@Kwargs{SearchRange::Vector{Tuple{Float64, Float64}}, MaxSteps::Int64, NThreads::Int64})
    @ BlackBoxOptim ~/.julia/packages/BlackBoxOptim/lZtsr/src/bboptimize.jl:88
  [9] bboptimize
    @ ~/.julia/packages/BlackBoxOptim/lZtsr/src/bboptimize.jl:86 [inlined]
 [10] top-level scope
    @ ~/repos/ltmp_calibration/2_calibration.jl:250
 [11] include(fname::String)
    @ Base.MainInclude ./client.jl:489
 [12] top-level scope
    @ ~/repos/ltmp_calibration/run.jl:3
in expression starting at /export/home/a-e/dtan/repos/ltmp_calibration/2_calibration.jl:239
in expression starting at /export/home/a-e/dtan/repos/ltmp_calibration/run.jl:3

caused by: AssertionError: isclaimed(job)
Stacktrace:
  [1] discard!(eval::BlackBoxOptim.MultithreadEvaluator{Float64, Float64, ScalarFitnessScheme{true}, FunctionBasedProblem{typeof(obj_func), ScalarFitnessScheme{true}, ContinuousRectSearchSpace, Nothing}, TopListArchive{Float64, ScalarFitnessScheme{true}}}, job::BlackBoxOptim.MTFitnessEvalJob{Float64, Float64, Vector{BlackBoxOptim.Candidate{Float64}}, Int64})
    @ BlackBoxOptim ~/.julia/packages/BlackBoxOptim/lZtsr/src/multithread_evaluator.jl:366
  [2] sync_update_fitness(f::Nothing, job::BlackBoxOptim.MTFitnessEvalJob{Float64, Float64, Vector{BlackBoxOptim.Candidate{Float64}}, Int64}, eval::BlackBoxOptim.MultithreadEvaluator{Float64, Float64, ScalarFitnessScheme{true}, FunctionBasedProblem{typeof(obj_func), ScalarFitnessScheme{true}, ContinuousRectSearchSpace, Nothing}, TopListArchive{Float64, ScalarFitnessScheme{true}}})
    @ BlackBoxOptim ~/.julia/packages/BlackBoxOptim/lZtsr/src/multithread_evaluator.jl:469
  [3] #update_fitness!#78
    @ ~/.julia/packages/BlackBoxOptim/lZtsr/src/multithread_evaluator.jl:478 [inlined]
  [4] update_fitness!
    @ ~/.julia/packages/BlackBoxOptim/lZtsr/src/multithread_evaluator.jl:475 [inlined]
  [5] update_fitness!
    @ ~/.julia/packages/BlackBoxOptim/lZtsr/src/evaluator.jl:51 [inlined]
  [6] rank_by_fitness!(e::BlackBoxOptim.MultithreadEvaluator{Float64, Float64, ScalarFitnessScheme{true}, FunctionBasedProblem{typeof(obj_func), ScalarFitnessScheme{true}, ContinuousRectSearchSpace, Nothing}, TopListArchive{Float64, ScalarFitnessScheme{true}}}, candidates::Vector{BlackBoxOptim.Candidate{Float64}})
    @ BlackBoxOptim ~/.julia/packages/BlackBoxOptim/lZtsr/src/evaluator.jl:183
  [7] step!
    @ ~/.julia/packages/BlackBoxOptim/lZtsr/src/opt_controller.jl:274 [inlined]
  [8] run!(ctrl::BlackBoxOptim.OptRunController{DiffEvoOpt{FitPopulation{Float64}, RadiusLimitedSelector, BlackBoxOptim.AdaptiveDiffEvoRandBin{3}, RandomBound{ContinuousRectSearchSpace}}, BlackBoxOptim.MultithreadEvaluator{Float64, Float64, ScalarFitnessScheme{true}, FunctionBasedProblem{typeof(obj_func), ScalarFitnessScheme{true}, ContinuousRectSearchSpace, Nothing}, TopListArchive{Float64, ScalarFitnessScheme{true}}}})
    @ BlackBoxOptim ~/.julia/packages/BlackBoxOptim/lZtsr/src/opt_controller.jl:321
  [9] run!(oc::BlackBoxOptim.OptController{DiffEvoOpt{FitPopulation{Float64}, RadiusLimitedSelector, BlackBoxOptim.AdaptiveDiffEvoRandBin{3}, RandomBound{ContinuousRectSearchSpace}}, FunctionBasedProblem{typeof(obj_func), ScalarFitnessScheme{true}, ContinuousRectSearchSpace, Nothing}})
    @ BlackBoxOptim ~/.julia/packages/BlackBoxOptim/lZtsr/src/opt_controller.jl:470
 [10] bboptimize(optctrl::BlackBoxOptim.OptController{DiffEvoOpt{FitPopulation{Float64}, RadiusLimitedSelector, BlackBoxOptim.AdaptiveDiffEvoRandBin{3}, RandomBound{ContinuousRectSearchSpace}}, FunctionBasedProblem{typeof(obj_func), ScalarFitnessScheme{true}, ContinuousRectSearchSpace, Nothing}}, x0::Vector{Float64}; kwargs::@Kwargs{})
    @ BlackBoxOptim ~/.julia/packages/BlackBoxOptim/lZtsr/src/bboptimize.jl:83
 [11] bboptimize(optctrl::BlackBoxOptim.OptController{DiffEvoOpt{FitPopulation{Float64}, RadiusLimitedSelector, BlackBoxOptim.AdaptiveDiffEvoRandBin{3}, RandomBound{ContinuousRectSearchSpace}}, FunctionBasedProblem{typeof(obj_func), ScalarFitnessScheme{true}, ContinuousRectSearchSpace, Nothing}}, x0::Vector{Float64})
    @ BlackBoxOptim ~/.julia/packages/BlackBoxOptim/lZtsr/src/bboptimize.jl:64
 [12] bboptimize(functionOrProblem::Function, x0::Vector{Float64}, parameters::Dict{Symbol, Any}; kwargs::@Kwargs{SearchRange::Vector{Tuple{Float64, Float64}}, MaxSteps::Int64, NThreads::Int64})
    @ BlackBoxOptim ~/.julia/packages/BlackBoxOptim/lZtsr/src/bboptimize.jl:88
 [13] bboptimize
    @ ~/.julia/packages/BlackBoxOptim/lZtsr/src/bboptimize.jl:86 [inlined]
 [14] top-level scope
    @ ~/repos/ltmp_calibration/2_calibration.jl:250
 [15] include(fname::String)
    @ Base.MainInclude ./client.jl:489
 [16] top-level scope
    @ ~/repos/ltmp_calibration/run.jl:3
Starting optimization with optimizer DiffEvoOpt{FitPopulation{Float64}, RadiusLimitedSelector, BlackBoxOptim.AdaptiveDiffEvoRandBin{3}, RandomBound{ContinuousRectSearchSpace}}
0.00 secs, 0 evals, 0 steps
